feature@com.buglabs.dragonfly.feature=integration,:pserver:anonymous@cvs.buglabs.net:/root
plugin@org.apache.xerces=integration,:pserver:anonymous@cvs.buglabs.net:/root
plugin@com.buglabs.services=integration,:pserver:anonymous@cvs.buglabs.net:/root
plugin@com.buglabs.dragonfly=integration,:pserver:anonymous@cvs.buglabs.net:/root
plugin@com.buglabs.dragonfly.bug.kernel=integration,:pserver:anonymous@cvs.buglabs.net:/root
plugin@com.buglabs.dragonfly.generators=integration,:pserver:anonymous@cvs.buglabs.net:/root
plugin@com.buglabs.dragonfly.ui=integration,:pserver:anonymous@cvs.buglabs.net:/root
plugin@com.buglabs.dragonfly.help=integration,:pserver:anonymous@cvs.buglabs.net:/root
plugin@com.buglabs.dragonfly.updatesite=integration,:pserver:anonymous@cvs.buglabs.net:/root
plugin@com.buglabs.osgi.concierge.core=integration,:pserver:anonymous@cvs.buglabs.net:/root
plugin@com.buglabs.osgi.concierge.integration=integration,:pserver:anonymous@cvs.buglabs.net:/root
plugin@com.buglabs.osgi.concierge.ui=integration,:pserver:anonymous@cvs.buglabs.net:/root
plugin@com.buglabs.osgi.concierge.runtime=integration,:pserver:anonymous@cvs.buglabs.net:/root
plugin@com.buglabs.common=integration,:pserver:anonymous@cvs.buglabs.net:/root
plugin@ch.ethz.iks.slp=integration,:pserver:anonymous@cvs.buglabs.net:/root
plugin@org.eclipse.equinox.servlet.api=HEAD,:pserver:anonymous@cvs.buglabs.net:/root
plugin@com.buglabs.phoneme.personal=integration,:pserver:anonymous@cvs.buglabs.net:/root
